Archive member included to satisfy reference by file (symbol)

/private/var/folders/3n/17cvlzzd3x327pb47mj0n5280000gn/T/arduino-sketch-35BD88D9624EF021EC25B57892E3B4AE/../arduino-core-cache/core_arduino_megaavr_nona4809_mode_on_05f5b598bdff6661debdef65a15cadc6.a(UART.cpp.o)
                              /private/var/folders/3n/17cvlzzd3x327pb47mj0n5280000gn/T/arduino-sketch-35BD88D9624EF021EC25B57892E3B4AE/sketch/eLFL_v0_ArduinoNanoEvery.ino.cpp.o (symbol from plugin) (_ZN9UartClass5flushEv)
/private/var/folders/3n/17cvlzzd3x327pb47mj0n5280000gn/T/arduino-sketch-35BD88D9624EF021EC25B57892E3B4AE/../arduino-core-cache/core_arduino_megaavr_nona4809_mode_on_05f5b598bdff6661debdef65a15cadc6.a(UART0.cpp.o)
                              /private/var/folders/3n/17cvlzzd3x327pb47mj0n5280000gn/T/arduino-sketch-35BD88D9624EF021EC25B57892E3B4AE/sketch/eLFL_v0_ArduinoNanoEvery.ino.cpp.o (symbol from plugin) (Serial)
/private/var/folders/3n/17cvlzzd3x327pb47mj0n5280000gn/T/arduino-sketch-35BD88D9624EF021EC25B57892E3B4AE/../arduino-core-cache/core_arduino_megaavr_nona4809_mode_on_05f5b598bdff6661debdef65a15cadc6.a(UART1.cpp.o)
                              /private/var/folders/3n/17cvlzzd3x327pb47mj0n5280000gn/T/arduino-sketch-35BD88D9624EF021EC25B57892E3B4AE/sketch/eLFL_v0_ArduinoNanoEvery.ino.cpp.o (symbol from plugin) (Serial1)
/private/var/folders/3n/17cvlzzd3x327pb47mj0n5280000gn/T/arduino-sketch-35BD88D9624EF021EC25B57892E3B4AE/../arduino-core-cache/core_arduino_megaavr_nona4809_mode_on_05f5b598bdff6661debdef65a15cadc6.a(Print.cpp.o)
                              UART.cpp.o (symbol from plugin) (_ZN7arduino5Print5writeEPKhj)
/private/var/folders/3n/17cvlzzd3x327pb47mj0n5280000gn/T/arduino-sketch-35BD88D9624EF021EC25B57892E3B4AE/../arduino-core-cache/core_arduino_megaavr_nona4809_mode_on_05f5b598bdff6661debdef65a15cadc6.a(String.cpp.o)
                              /private/var/folders/3n/17cvlzzd3x327pb47mj0n5280000gn/T/arduino-sketch-35BD88D9624EF021EC25B57892E3B4AE/sketch/eLFL_v0_ArduinoNanoEvery.ino.cpp.o (symbol from plugin) (_ZN7arduino6StringD1Ev)
/private/var/folders/3n/17cvlzzd3x327pb47mj0n5280000gn/T/arduino-sketch-35BD88D9624EF021EC25B57892E3B4AE/../arduino-core-cache/core_arduino_megaavr_nona4809_mode_on_05f5b598bdff6661debdef65a15cadc6.a(main.cpp.o)
                              /Users/Christian/Library/Arduino15/packages/arduino/tools/avr-gcc/7.3.0-atmel3.6.1-arduino5/bin/../lib/gcc/avr/7.3.0/../../../../avr/lib/avrxmega3/crtatmega4809.o (main)
/private/var/folders/3n/17cvlzzd3x327pb47mj0n5280000gn/T/arduino-sketch-35BD88D9624EF021EC25B57892E3B4AE/../arduino-core-cache/core_arduino_megaavr_nona4809_mode_on_05f5b598bdff6661debdef65a15cadc6.a(new.cpp.o)
                              /private/var/folders/3n/17cvlzzd3x327pb47mj0n5280000gn/T/arduino-sketch-35BD88D9624EF021EC25B57892E3B4AE/libraries/RTClib/RTC_DS1307.cpp.o (symbol from plugin) (_Znwj)
/private/var/folders/3n/17cvlzzd3x327pb47mj0n5280000gn/T/arduino-sketch-35BD88D9624EF021EC25B57892E3B4AE/../arduino-core-cache/core_arduino_megaavr_nona4809_mode_on_05f5b598bdff6661debdef65a15cadc6.a(wiring.c.o)
                              /private/var/folders/3n/17cvlzzd3x327pb47mj0n5280000gn/T/arduino-sketch-35BD88D9624EF021EC25B57892E3B4AE/libraries/Adafruit_BusIO/Adafruit_SPIDevice.cpp.o (symbol from plugin) (F_CPU_CORRECTED)
/private/var/folders/3n/17cvlzzd3x327pb47mj0n5280000gn/T/arduino-sketch-35BD88D9624EF021EC25B57892E3B4AE/../arduino-core-cache/core_arduino_megaavr_nona4809_mode_on_05f5b598bdff6661debdef65a15cadc6.a(wiring_analog.c.o)
                              wiring.c.o (symbol from plugin) (analogReference)
/private/var/folders/3n/17cvlzzd3x327pb47mj0n5280000gn/T/arduino-sketch-35BD88D9624EF021EC25B57892E3B4AE/../arduino-core-cache/core_arduino_megaavr_nona4809_mode_on_05f5b598bdff6661debdef65a15cadc6.a(wiring_digital.c.o)
                              wiring_analog.c.o (symbol from plugin) (digital_pin_to_timer)
/private/var/folders/3n/17cvlzzd3x327pb47mj0n5280000gn/T/arduino-sketch-35BD88D9624EF021EC25B57892E3B4AE/../arduino-core-cache/core_arduino_megaavr_nona4809_mode_on_05f5b598bdff6661debdef65a15cadc6.a(abi.cpp.o)
                              Print.cpp.o (symbol from plugin) (__cxa_pure_virtual)
/Users/Christian/Library/Arduino15/packages/arduino/tools/avr-gcc/7.3.0-atmel3.6.1-arduino5/bin/../lib/gcc/avr/7.3.0/avrxmega3/libgcc.a(_exit.o)
                              /Users/Christian/Library/Arduino15/packages/arduino/tools/avr-gcc/7.3.0-atmel3.6.1-arduino5/bin/../lib/gcc/avr/7.3.0/../../../../avr/lib/avrxmega3/crtatmega4809.o (exit)
/Users/Christian/Library/Arduino15/packages/arduino/tools/avr-gcc/7.3.0-atmel3.6.1-arduino5/bin/../lib/gcc/avr/7.3.0/../../../../avr/lib/avrxmega3/libc.a(dtostrf.o)
                              String.cpp.o (symbol from plugin) (dtostrf)
/Users/Christian/Library/Arduino15/packages/arduino/tools/avr-gcc/7.3.0-atmel3.6.1-arduino5/bin/../lib/gcc/avr/7.3.0/../../../../avr/lib/avrxmega3/libc.a(atof.o)
[...]
Memory Configuration

Name             Origin             Length             Attributes
text             0x0000000000000000 0x0000000000100000 xr
data             0x0000000000802000 0x000000000000ffa0 rw !x
eeprom           0x0000000000810000 0x0000000000010000 rw !x
fuse             0x0000000000820000 0x0000000000000009 rw !x
lock             0x0000000000830000 0x0000000000000400 rw !x
signature        0x0000000000840000 0x0000000000000400 rw !x
user_signatures  0x0000000000850000 0x0000000000000400 rw !x
*default*        0x0000000000000000 0xffffffffffffffff

Linker script and memory map

Address of section .data set to 0x802800
                0x0000000000004000                __RODATA_PM_OFFSET__ = 0x4000
LOAD /Users/Christian/Library/Arduino15/packages/arduino/tools/avr-gcc/7.3.0-atmel3.6.1-arduino5/bin/../lib/gcc/avr/7.3.0/../../../../avr/lib/avrxmega3/crtatmega4809.o
Address of section .text set to 0x0
LOAD /private/var/folders/3n/17cvlzzd3x327pb47mj0n5280000gn/T/arduino-sketch-35BD88D9624EF021EC25B57892E3B4AE/sketch/eLFL_v0_ArduinoNanoEvery.ino.cpp.o
LOAD /var/folders/3n/17cvlzzd3x327pb47mj0n5280000gn/T//ccDoW5sc.ltrans0.ltrans.o
LOAD /private/var/folders/3n/17cvlzzd3x327pb47mj0n5280000gn/T/arduino-sketch-35BD88D9624EF021EC25B57892E3B4AE/libraries/RTClib/RTC_DS1307.cpp.o
LOAD /private/var/folders/3n/17cvlzzd3x327pb47mj0n5280000gn/T/arduino-sketch-35BD88D9624EF021EC25B57892E3B4AE/libraries/RTClib/RTC_DS3231.cpp.o
LOAD /private/var/folders/3n/17cvlzzd3x327pb47mj0n5280000gn/T/arduino-sketch-35BD88D9624EF021EC25B57892E3B4AE/libraries/RTClib/RTC_Micros.cpp.o
LOAD /private/var/folders/3n/17cvlzzd3x327pb47mj0n5280000gn/T/arduino-sketch-35BD88D9624EF021EC25B57892E3B4AE/libraries/RTClib/RTC_Millis.cpp.o
LOAD /private/var/folders/3n/17cvlzzd3x327pb47mj0n5280000gn/T/arduino-sketch-35BD88D9624EF021EC25B57892E3B4AE/libraries/RTClib/RTC_PCF8523.cpp.o
LOAD /private/var/folders/3n/17cvlzzd3x327pb47mj0n5280000gn/T/arduino-sketch-35BD88D9624EF021EC25B57892E3B4AE/libraries/RTClib/RTC_PCF8563.cpp.o
LOAD /private/var/folders/3n/17cvlzzd3x327pb47mj0n5280000gn/T/arduino-sketch-35BD88D9624EF021EC25B57892E3B4AE/libraries/RTClib/RTClib.cpp.o
LOAD /private/var/folders/3n/17cvlzzd3x327pb47mj0n5280000gn/T/arduino-sketch-35BD88D9624EF021EC25B57892E3B4AE/libraries/Adafruit_BusIO/Adafruit_BusIO_Register.cpp.o
LOAD /private/var/folders/3n/17cvlzzd3x327pb47mj0n5280000gn/T/arduino-sketch-35BD88D9624EF021EC25B57892E3B4AE/libraries/Adafruit_BusIO/Adafruit_I2CDevice.cpp.o
LOAD /private/var/folders/3n/17cvlzzd3x327pb47mj0n5280000gn/T/arduino-sketch-35BD88D9624EF021EC25B57892E3B4AE/libraries/Adafruit_BusIO/Adafruit_SPIDevice.cpp.o
LOAD /private/var/folders/3n/17cvlzzd3x327pb47mj0n5280000gn/T/arduino-sketch-35BD88D9624EF021EC25B57892E3B4AE/libraries/Wire/Wire.cpp.o
LOAD /private/var/folders/3n/17cvlzzd3x327pb47mj0n5280000gn/T/arduino-sketch-35BD88D9624EF021EC25B57892E3B4AE/libraries/Wire/utility/twi.c.o
LOAD /private/var/folders/3n/17cvlzzd3x327pb47mj0n5280000gn/T/arduino-sketch-35BD88D9624EF021EC25B57892E3B4AE/libraries/SPI/SPI.cpp.o
LOAD /private/var/folders/3n/17cvlzzd3x327pb47mj0n5280000gn/T/arduino-sketch-35BD88D9624EF021EC25B57892E3B4AE/core/variant.c.o
LOAD /private/var/folders/3n/17cvlzzd3x327pb47mj0n5280000gn/T/arduino-sketch-35BD88D9624EF021EC25B57892E3B4AE/../arduino-core-cache/core_arduino_megaavr_nona4809_mode_on_05f5b598bdff6661debdef65a15cadc6.a
LOAD /Users/Christian/Library/Arduino15/packages/arduino/tools/avr-gcc/7.3.0-atmel3.6.1-arduino5/bin/../lib/gcc/avr/7.3.0/../../../../avr/lib/avrxmega3/libm.a
START GROUP
LOAD /Users/Christian/Library/Arduino15/packages/arduino/tools/avr-gcc/7.3.0-atmel3.6.1-arduino5/bin/../lib/gcc/avr/7.3.0/avrxmega3/libgcc.a
LOAD /Users/Christian/Library/Arduino15/packages/arduino/tools/avr-gcc/7.3.0-atmel3.6.1-arduino5/bin/../lib/gcc/avr/7.3.0/../../../../avr/lib/avrxmega3/libm.a
LOAD /Users/Christian/Library/Arduino15/packages/arduino/tools/avr-gcc/7.3.0-atmel3.6.1-arduino5/bin/../lib/gcc/avr/7.3.0/../../../../avr/lib/avrxmega3/libc.a
LOAD /Users/Christian/Library/Arduino15/packages/arduino/tools/avr-gcc/7.3.0-atmel3.6.1-arduino5/bin/../lib/gcc/avr/7.3.0/../../../../avr/lib/avrxmega3/libatmega4809.a
END GROUP
                0x0000000000100000                __TEXT_REGION_LENGTH__ = DEFINED (__TEXT_REGION_LENGTH__)?__TEXT_REGION_LENGTH__:0x100000
                0x000000000000ffa0                __DATA_REGION_LENGTH__ = DEFINED (__DATA_REGION_LENGTH__)?__DATA_REGION_LENGTH__:0xffa0
                0x0000000000010000                __EEPROM_REGION_LENGTH__ = DEFINED (__EEPROM_REGION_LENGTH__)?__EEPROM_REGION_LENGTH__:0x10000
                [0x0000000000000009]                __FUSE_REGION_LENGTH__ = DEFINED (__FUSE_REGION_LENGTH__)?__FUSE_REGION_LENGTH__:0x400
                0x0000000000000400                __LOCK_REGION_LENGTH__ = DEFINED (__LOCK_REGION_LENGTH__)?__LOCK_REGION_LENGTH__:0x400
                0x0000000000000400                __SIGNATURE_REGION_LENGTH__ = DEFINED (__SIGNATURE_REGION_LENGTH__)?__SIGNATURE_REGION_LENGTH__:0x400
                0x0000000000000400                __USER_SIGNATURE_REGION_LENGTH__ = DEFINED (__USER_SIGNATURE_REGION_LENGTH__)?__USER_SIGNATURE_REGION_LENGTH__:0x400
                0x0000000000008000                __RODATA_PM_OFFSET__ = DEFINED (__RODATA_PM_OFFSET__)?__RODATA_PM_OFFSET__:0x8000

.hash
 *(.hash)

.dynsym
 *(.dynsym)

.dynstr
 *(.dynstr)

.gnu.version
 *(.gnu.version)

.gnu.version_d
 *(.gnu.version_d)

.gnu.version_r
 *(.gnu.version_r)

.rel.init
 *(.rel.init)

.rela.init
 *(.rela.init)

.rel.text
 *(.rel.text)
 *(.rel.text.*)
 *(.rel.gnu.linkonce.t*)

.rela.text
 *(.rela.text)
 *(.rela.text.*)
 *(.rela.gnu.linkonce.t*)

.rel.fini
 *(.rel.fini)

.rela.fini
 *(.rela.fini)

.rel.rodata
 *(.rel.rodata)
 *(.rel.rodata.*)
 *(.rel.gnu.linkonce.r*)

.rela.rodata
 *(.rela.rodata)
 *(.rela.rodata.*)
 *(.rela.gnu.linkonce.r*)

.rel.data
 *(.rel.data)
 *(.rel.data.*)
 *(.rel.gnu.linkonce.d*)

.rela.data
 *(.rela.data)
 *(.rela.data.*)
 *(.rela.gnu.linkonce.d*)

.rel.ctors
 *(.rel.ctors)

.rela.ctors
 *(.rela.ctors)

.rel.dtors
 *(.rel.dtors)

.rela.dtors
 *(.rela.dtors)

.rel.got
 *(.rel.got)

.rela.got
 *(.rela.got)

.rel.bss
 *(.rel.bss)

.rela.bss
 *(.rela.bss)

.rel.plt
 *(.rel.plt)

.rela.plt
 *(.rela.plt)

.text           0x0000000000000000     0x35ea
 *(.vectors)
 .vectors       0x0000000000000000       0xa0 /Users/Christian/Library/Arduino15/packages/arduino/tools/avr-gcc/7.3.0-atmel3.6.1-arduino5/bin/../lib/gcc/avr/7.3.0/../../../../avr/lib/avrxmega3/crtatmega4809.o
                0x0000000000000000                __vectors
                0x0000000000000000                __vector_default
 *(.vectors)
 *(.progmem.gcc*)
                0x00000000000000a0                . = ALIGN (0x2)
                0x00000000000000a0                __trampolines_start = .
 *(.trampolines)
 .trampolines   0x00000000000000a0        0x0 linker stubs
 *(.trampolines*)
                0x00000000000000a0                __trampolines_end = .
 *libprintf_flt.a:*(.progmem.data)
 *libc.a:*(.progmem.data)
 .progmem.data  0x00000000000000a0       0xfa /Users/Christian/Library/Arduino15/packages/arduino/tools/avr-gcc/7.3.0-atmel3.6.1-arduino5/bin/../lib/gcc/avr/7.3.0/../../../../avr/lib/avrxmega3/libc.a(ftoa_engine.o)
 *(.progmem*)
 .progmem.data  0x000000000000019a       0x15 /var/folders/3n/17cvlzzd3x327pb47mj0n5280000gn/T//ccDoW5sc.ltrans0.ltrans.o
                0x00000000000001b0                . = ALIGN (0x2)
 *fill*         0x00000000000001af        0x1 
 *(.jumptables)
 *(.jumptables*)
 *(.lowtext)
 *(.lowtext*)
                0x00000000000001b0                __ctors_start = .
 *(.ctors)
 .ctors         0x00000000000001b0        0x2 /var/folders/3n/17cvlzzd3x327pb47mj0n5280000gn/T//ccDoW5sc.ltrans0.ltrans.o
                0x00000000000001b2                __ctors_end = .
                0x00000000000001b2                __dtors_start = .
 *(.dtors)
                0x00000000000001b2                __dtors_end = .
 SORT(*)(.ctors)
 SORT(*)(.dtors)
 *(.init0)
 .init0         0x00000000000001b2        0x0 /Users/Christian/Library/Arduino15/packages/arduino/tools/avr-gcc/7.3.0-atmel3.6.1-arduino5/bin/../lib/gcc/avr/7.3.0/../../../../avr/lib/avrxmega3/crtatmega4809.o
                0x00000000000001b2                __init
 *(.init0)
 *(.init1)
 *(.init1)
 *(.init2)
 .init2         0x00000000000001b2        0xc /Users/Christian/Library/Arduino15/packages/arduino/tools/avr-gcc/7.3.0-atmel3.6.1-arduino5/bin/../lib/gcc/avr/7.3.0/../../../../avr/lib/avrxmega3/crtatmega4809.o
 *(.init2)
 *(.init3)
 *(.init3)
 *(.init4)
 .init4         0x00000000000001be       0x10 /Users/Christian/Library/Arduino15/packages/arduino/tools/avr-gcc/7.3.0-atmel3.6.1-arduino5/bin/../lib/gcc/avr/7.3.0/avrxmega3/libgcc.a(_clear_bss.o)
                0x00000000000001be                __do_clear_bss
 .init4         0x00000000000001ce       0x16 /Users/Christian/Library/Arduino15/packages/arduino/tools/avr-gcc/7.3.0-atmel3.6.1-arduino5/bin/../lib/gcc/avr/7.3.0/avrxmega3/libgcc.a(_copy_data.o)
                0x00000000000001ce                __do_copy_data
 *(.init4)
 *(.init5)
 *(.init5)
 *(.init6)
 .init6         0x00000000000001e4       0x16 /Users/Christian/Library/Arduino15/packages/arduino/tools/avr-gcc/7.3.0-atmel3.6.1-arduino5/bin/../lib/gcc/avr/7.3.0/avrxmega3/libgcc.a(_ctors.o)
                0x00000000000001e4                __do_global_ctors
 *(.init6)
 *(.init7)
 *(.init7)
 *(.init8)
 *(.init8)
 *(.init9)
 .init9         0x00000000000001fa        0x8 /Users/Christian/Library/Arduino15/packages/arduino/tools/avr-gcc/7.3.0-atmel3.6.1-arduino5/bin/../lib/gcc/avr/7.3.0/../../../../avr/lib/avrxmega3/crtatmega4809.o
 *(.init9)
 *(.text)
 .text          0x0000000000000202        0x4 /Users/Christian/Library/Arduino15/packages/arduino/tools/avr-gcc/7.3.0-atmel3.6.1-arduino5/bin/../lib/gcc/avr/7.3.0/../../../../avr/lib/avrxmega3/crtatmega4809.o
                0x0000000000000202                __vector_20
                0x0000000000000202                __vector_28
                0x0000000000000202                __vector_1
                0x0000000000000202                __vector_32
                0x0000000000000202                __vector_34
                0x0000000000000202                __vector_24
                0x0000000000000202                __vector_12
                0x0000000000000202                __bad_interrupt
                0x0000000000000202                __vector_6
                0x0000000000000202                __vector_31
                0x0000000000000202                __vector_35
                0x0000000000000202                __vector_39
                0x0000000000000202                __vector_3
                0x0000000000000202                __vector_23
                0x0000000000000202                __vector_30
                0x0000000000000202                __vector_25
                0x0000000000000202                __vector_11
                0x0000000000000202                __vector_13
                0x0000000000000202                __vector_17
                0x0000000000000202                __vector_19
                0x0000000000000202                __vector_7
                0x0000000000000202                __vector_5
                0x0000000000000202                __vector_33
                0x0000000000000202                __vector_4
                0x0000000000000202                __vector_9
                0x0000000000000202                __vector_2
                0x0000000000000202                __vector_21
                0x0000000000000202                __vector_29
                0x0000000000000202                __vector_8
                0x0000000000000202                __vector_10
                0x0000000000000202                __vector_16
                0x0000000000000202                __vector_18
                0x0000000000000202                __vector_22
 .text          0x0000000000000206     0x1a46 /var/folders/3n/17cvlzzd3x327pb47mj0n5280000gn/T//ccDoW5sc.ltrans0.ltrans.o
                0x0000000000001772                __vector_36
                0x000000000000183a                __vector_27
                0x0000000000001886                __vector_26
                0x00000000000018d2                __vector_38
                0x000000000000191e                __vector_37
                0x000000000000196a                __vector_14
                0x0000000000001acc                __vector_15
                0x0000000000001c4c                . = ALIGN (0x2)
 *(.text.*)
 .text.unlikely
                0x0000000000001c4c       0x1a /var/folders/3n/17cvlzzd3x327pb47mj0n5280000gn/T//ccDoW5sc.ltrans0.ltrans.o
 .text.startup  0x0000000000001c66      0xa86 /var/folders/3n/17cvlzzd3x327pb47mj0n5280000gn/T//ccDoW5sc.ltrans0.ltrans.o
                0x0000000000001d2a                main
 .text.avr-libc
                0x00000000000026ec       0x3c /Users/Christian/Library/Arduino15/packages/arduino/tools/avr-gcc/7.3.0-atmel3.6.1-arduino5/bin/../lib/gcc/avr/7.3.0/../../../../avr/lib/avrxmega3/libc.a(dtostrf.o)
                0x00000000000026ec                dtostrf
 .text.avr-libc
                0x0000000000002728       0x12 /Users/Christian/Library/Arduino15/packages/arduino/tools/avr-gcc/7.3.0-atmel3.6.1-arduino5/bin/../lib/gcc/avr/7.3.0/../../../../avr/lib/avrxmega3/libc.a(memcpy_P.o)
                0x0000000000002728                memcpy_P
 .text.avr-libc
                0x000000000000273a       0x16 /Users/Christian/Library/Arduino15/packages/arduino/tools/avr-gcc/7.3.0-atmel3.6.1-arduino5/bin/../lib/gcc/avr/7.3.0/../../../../avr/lib/avrxmega3/libc.a(itoa_ncheck.o)
                0x000000000000273a                __itoa_ncheck
 .text.avr-libc
                0x0000000000002750       0x34 /Users/Christian/Library/Arduino15/packages/arduino/tools/avr-gcc/7.3.0-atmel3.6.1-arduino5/bin/../lib/gcc/avr/7.3.0/../../../../avr/lib/avrxmega3/libc.a(utoa_ncheck.o)
                0x0000000000002750                __utoa_ncheck
                0x0000000000002752                __utoa_common
 .text.avr-libc
                0x0000000000002784      0x2be /Users/Christian/Library/Arduino15/packages/arduino/tools/avr-gcc/7.3.0-atmel3.6.1-arduino5/bin/../lib/gcc/avr/7.3.0/../../../../avr/lib/avrxmega3/libc.a(dtoa_prf.o)
                0x0000000000002784                dtoa_prf
 .text.avr-libc
                0x0000000000002a42      0x1b0 /Users/Christian/Library/Arduino15/packages/arduino/tools/avr-gcc/7.3.0-atmel3.6.1-arduino5/bin/../lib/gcc/avr/7.3.0/../../../../avr/lib/avrxmega3/libc.a(ftoa_engine.o)
                0x0000000000002a42                __ftoa_engine
 .text.avr-libc
                0x0000000000002bf2       0x20 /Users/Christian/Library/Arduino15/packages/arduino/tools/avr-gcc/7.3.0-atmel3.6.1-arduino5/bin/../lib/gcc/avr/7.3.0/../../../../avr/lib/avrxmega3/libc.a(strrev.o)
                0x0000000000002bf2                strrev
 .text.avr-libc.fplib
                0x0000000000002c12        0xa /Users/Christian/Library/Arduino15/packages/arduino/tools/avr-gcc/7.3.0-atmel3.6.1-arduino5/bin/../lib/gcc/avr/7.3.0/../../../../avr/lib/avrxmega3/libc.a(cmpsf2.o)
                0x0000000000002c12                __lesf2
                0x0000000000002c12                __nesf2
                0x0000000000002c12                __eqsf2
                0x0000000000002c12                __cmpsf2
                0x0000000000002c12                __ltsf2
 .text.avr-libc.fplib
                0x0000000000002c1c       0x7a /Users/Christian/Library/Arduino15/packages/arduino/tools/avr-gcc/7.3.0-atmel3.6.1-arduino5/bin/../lib/gcc/avr/7.3.0/../../../../avr/lib/avrxmega3/libc.a(floatsisf.o)
                0x0000000000002c1c                __floatunsisf
                0x0000000000002c20                __floatsisf
 .text.avr-libc.fplib
                0x0000000000002c96       0x48 /Users/Christian/Library/Arduino15/packages/arduino/tools/avr-gcc/7.3.0-atmel3.6.1-arduino5/bin/../lib/gcc/avr/7.3.0/../../../../avr/lib/avrxmega3/libc.a(fp_cmp.o)
                0x0000000000002c96                __fp_cmp
 .text.avr-libc.fplib
                0x0000000000002cde        0x8 /Users/Christian/Library/Arduino15/packages/arduino/tools/avr-gcc/7.3.0-atmel3.6.1-arduino5/bin/../lib/gcc/avr/7.3.0/../../../../avr/lib/avrxmega3/libc.a(mulsf3.o)
                0x0000000000002cde                __mulsf3
 .text.avr-libc.fplib
                0x0000000000002ce6       0xd2 /Users/Christian/Library/Arduino15/packages/arduino/tools/avr-gcc/7.3.0-atmel3.6.1-arduino5/bin/../lib/gcc/avr/7.3.0/../../../../avr/lib/avrxmega3/libc.a(mulsf3x.o)
                0x0000000000002d04                __mulsf3x
                0x0000000000002d0a                __mulsf3_pse
 .text.avr-libc.fplib
                0x0000000000002db8        0xc /Users/Christian/Library/Arduino15/packages/arduino/tools/avr-gcc/7.3.0-atmel3.6.1-arduino5/bin/../lib/gcc/avr/7.3.0/../../../../avr/lib/avrxmega3/libc.a(fp_inf.o)
                0x0000000000002db8                __fp_inf
 .text.avr-libc.fplib
                0x0000000000002dc4        0x6 /Users/Christian/Library/Arduino15/packages/arduino/tools/avr-gcc/7.3.0-atmel3.6.1-arduino5/bin/../lib/gcc/avr/7.3.0/../../../../avr/lib/avrxmega3/libc.a(fp_nan.o)
                0x0000000000002dc4                __fp_nan
 .text.avr-libc.fplib
                0x0000000000002dca        0xe /Users/Christian/Library/Arduino15/packages/arduino/tools/avr-gcc/7.3.0-atmel3.6.1-arduino5/bin/../lib/gcc/avr/7.3.0/../../../../avr/lib/avrxmega3/libc.a(fp_pscA.o)
                0x0000000000002dca                __fp_pscA
 .text.avr-libc.fplib
                0x0000000000002dd8        0xe /Users/Christian/Library/Arduino15/packages/arduino/tools/avr-gcc/7.3.0-atmel3.6.1-arduino5/bin/../lib/gcc/avr/7.3.0/../../../../avr/lib/avrxmega3/libc.a(fp_pscB.o)
                0x0000000000002dd8                __fp_pscB
 .text.avr-libc.fplib
                0x0000000000002de6       0x22 /Users/Christian/Library/Arduino15/packages/arduino/tools/avr-gcc/7.3.0-atmel3.6.1-arduino5/bin/../lib/gcc/avr/7.3.0/../../../../avr/lib/avrxmega3/libc.a(fp_round.o)
                0x0000000000002de6                __fp_round
 .text.avr-libc.fplib
                0x0000000000002e08       0x44 /Users/Christian/Library/Arduino15/packages/arduino/tools/avr-gcc/7.3.0-atmel3.6.1-arduino5/bin/../lib/gcc/avr/7.3.0/../../../../avr/lib/avrxmega3/libc.a(fp_split3.o)
                0x0000000000002e08                __fp_split3
                0x0000000000002e18                __fp_splitA
 .text.avr-libc.fplib
                0x0000000000002e4c        0xe /Users/Christian/Library/Arduino15/packages/arduino/tools/avr-gcc/7.3.0-atmel3.6.1-arduino5/bin/../lib/gcc/avr/7.3.0/../../../../avr/lib/avrxmega3/libc.a(fp_zero.o)
                0x0000000000002e4c                __fp_zero
                0x0000000000002e4e                __fp_szero
 .text.libgcc.mul
                0x0000000000002e5a       0x16 /Users/Christian/Library/Arduino15/packages/arduino/tools/avr-gcc/7.3.0-atmel3.6.1-arduino5/bin/../lib/gcc/avr/7.3.0/avrxmega3/libgcc.a(_muluhisi3.o)
                0x0000000000002e5a                __muluhisi3
 .text.libgcc.prologue
                0x0000000000002e70       0x32 /Users/Christian/Library/Arduino15/packages/arduino/tools/avr-gcc/7.3.0-atmel3.6.1-arduino5/bin/../lib/gcc/avr/7.3.0/avrxmega3/libgcc.a(_prologue.o)
                0x0000000000002e70                __prologue_saves__
 .text.libgcc.prologue
                0x0000000000002ea2       0x30 /Users/Christian/Library/Arduino15/packages/arduino/tools/avr-gcc/7.3.0-atmel3.6.1-arduino5/bin/../lib/gcc/avr/7.3.0/avrxmega3/libgcc.a(_epilogue.o)
                0x0000000000002ea2                __epilogue_restores__
 .text.libgcc.mul
                0x0000000000002ed2       0x1e /Users/Christian/Library/Arduino15/packages/arduino/tools/avr-gcc/7.3.0-atmel3.6.1-arduino5/bin/../lib/gcc/avr/7.3.0/avrxmega3/libgcc.a(_umulhisi3.o)
                0x0000000000002ed2                __umulhisi3
 .text.avr-libc.fplib
                0x0000000000002ef0        0xe /Users/Christian/Library/Arduino15/packages/arduino/tools/avr-gcc/7.3.0-atmel3.6.1-arduino5/bin/../lib/gcc/avr/7.3.0/../../../../avr/lib/avrxmega3/libm.a(addsf3.o)
                0x0000000000002ef0                __subsf3
                0x0000000000002ef2                __addsf3
 .text.avr-libc.fplib
                0x0000000000002efe       0xcc /Users/Christian/Library/Arduino15/packages/arduino/tools/avr-gcc/7.3.0-atmel3.6.1-arduino5/bin/../lib/gcc/avr/7.3.0/../../../../avr/lib/avrxmega3/libm.a(addsf3x.o)
                0x0000000000002f20                __addsf3x
 .text.avr-libc.fplib
                0x0000000000002fca        0x8 /Users/Christian/Library/Arduino15/packages/arduino/tools/avr-gcc/7.3.0-atmel3.6.1-arduino5/bin/../lib/gcc/avr/7.3.0/../../../../avr/lib/avrxmega3/libm.a(divsf3.o)
                0x0000000000002fca                __divsf3
 .text.avr-libc.fplib
                0x0000000000002fd2       0xdc /Users/Christian/Library/Arduino15/packages/arduino/tools/avr-gcc/7.3.0-atmel3.6.1-arduino5/bin/../lib/gcc/avr/7.3.0/../../../../avr/lib/avrxmega3/libm.a(divsf3x.o)
                0x0000000000002ff2                __divsf3x
                0x0000000000002ff8                __divsf3_pse
 .text.avr-libc.fplib
                0x00000000000030ae        0xa /Users/Christian/Library/Arduino15/packages/arduino/tools/avr-gcc/7.3.0-atmel3.6.1-arduino5/bin/../lib/gcc/avr/7.3.0/../../../../avr/lib/avrxmega3/libm.a(gesf2.o)
                0x00000000000030ae                __gtsf2
                0x00000000000030ae                __gesf2
 .text.libgcc.div
                0x00000000000030b8       0x18 /Users/Christian/Library/Arduino15/packages/arduino/tools/avr-gcc/7.3.0-atmel3.6.1-arduino5/bin/../lib/gcc/avr/7.3.0/avrxmega3/libgcc.a(_udivmodqi4.o)
                0x00000000000030b8                __udivmodqi4
 .text.libgcc.div
                0x00000000000030d0       0x28 /Users/Christian/Library/Arduino15/packages/arduino/tools/avr-gcc/7.3.0-atmel3.6.1-arduino5/bin/../lib/gcc/avr/7.3.0/avrxmega3/libgcc.a(_udivmodhi4.o)
                0x00000000000030d0                __udivmodhi4
 .text.libgcc.div
                0x00000000000030f8       0x28 /Users/Christian/Library/Arduino15/packages/arduino/tools/avr-gcc/7.3.0-atmel3.6.1-arduino5/bin/../lib/gcc/avr/7.3.0/avrxmega3/libgcc.a(_divmodhi4.o)
                0x00000000000030f8                __divmodhi4
                0x00000000000030f8                _div
 .text.libgcc.div
                0x0000000000003120       0x44 /Users/Christian/Library/Arduino15/packages/arduino/tools/avr-gcc/7.3.0-atmel3.6.1-arduino5/bin/../lib/gcc/avr/7.3.0/avrxmega3/libgcc.a(_udivmodsi4.o)
                0x0000000000003120                __udivmodsi4
 .text.libgcc.div
                0x0000000000003164       0x2e /Users/Christian/Library/Arduino15/packages/arduino/tools/avr-gcc/7.3.0-atmel3.6.1-arduino5/bin/../lib/gcc/avr/7.3.0/avrxmega3/libgcc.a(_divmodsi4.o)
                0x0000000000003164                __divmodsi4
 .text.libgcc.div
                0x0000000000003192       0x10 /Users/Christian/Library/Arduino15/packages/arduino/tools/avr-gcc/7.3.0-atmel3.6.1-arduino5/bin/../lib/gcc/avr/7.3.0/avrxmega3/libgcc.a(_negsi2.o)
                0x0000000000003192                __negsi2
 .text.libgcc   0x00000000000031a2        0xc /Users/Christian/Library/Arduino15/packages/arduino/tools/avr-gcc/7.3.0-atmel3.6.1-arduino5/bin/../lib/gcc/avr/7.3.0/avrxmega3/libgcc.a(_tablejump2.o)
                0x00000000000031a2                __tablejump2__
 .text.libgcc.mul
                0x00000000000031ae       0x10 /Users/Christian/Library/Arduino15/packages/arduino/tools/avr-gcc/7.3.0-atmel3.6.1-arduino5/bin/../lib/gcc/avr/7.3.0/avrxmega3/libgcc.a(_mulshisi3.o)
                0x00000000000031ae                __mulshisi3
                0x00000000000031b4                __mulohisi3
 .text.libgcc.builtins
                0x00000000000031be       0x3a /Users/Christian/Library/Arduino15/packages/arduino/tools/avr-gcc/7.3.0-atmel3.6.1-arduino5/bin/../lib/gcc/avr/7.3.0/avrxmega3/libgcc.a(_ashrdi3.o)
                0x00000000000031be                __ashrdi3
                0x00000000000031c2                __lshrdi3
 .text.libgcc   0x00000000000031f8       0x18 /Users/Christian/Library/Arduino15/packages/arduino/tools/avr-gcc/7.3.0-atmel3.6.1-arduino5/bin/../lib/gcc/avr/7.3.0/avrxmega3/libgcc.a(_cmpdi2_s8.o)
                0x00000000000031f8                __cmpdi2_s8
 .text.avr-libc
                0x0000000000003210      0x24a /Users/Christian/Library/Arduino15/packages/arduino/tools/avr-gcc/7.3.0-atmel3.6.1-arduino5/bin/../lib/gcc/avr/7.3.0/../../../../avr/lib/avrxmega3/libc.a(malloc.o)
                0x0000000000003210                malloc
                0x0000000000003348                free
 .text.avr-libc
                0x000000000000345a      0x17a /Users/Christian/Library/Arduino15/packages/arduino/tools/avr-gcc/7.3.0-atmel3.6.1-arduino5/bin/../lib/gcc/avr/7.3.0/../../../../avr/lib/avrxmega3/libc.a(realloc.o)
                0x000000000000345a                realloc
 .text.avr-libc
                0x00000000000035d4       0x12 /Users/Christian/Library/Arduino15/packages/arduino/tools/avr-gcc/7.3.0-atmel3.6.1-arduino5/bin/../lib/gcc/avr/7.3.0/../../../../avr/lib/avrxmega3/libc.a(memcpy.o)
                0x00000000000035d4                memcpy
                0x00000000000035e6                . = ALIGN (0x2)
 *(.fini9)
 .fini9         0x00000000000035e6        0x0 /Users/Christian/Library/Arduino15/packages/arduino/tools/avr-gcc/7.3.0-atmel3.6.1-arduino5/bin/../lib/gcc/avr/7.3.0/avrxmega3/libgcc.a(_exit.o)
                0x00000000000035e6                exit
                0x00000000000035e6                _exit
 *(.fini9)
 *(.fini8)
 *(.fini8)
 *(.fini7)
 *(.fini7)
 *(.fini6)
 *(.fini6)
 *(.fini5)
 *(.fini5)
 *(.fini4)
 *(.fini4)
 *(.fini3)
 *(.fini3)
 *(.fini2)
 *(.fini2)
 *(.fini1)
 *(.fini1)
 *(.fini0)
 .fini0         0x00000000000035e6        0x4 /Users/Christian/Library/Arduino15/packages/arduino/tools/avr-gcc/7.3.0-atmel3.6.1-arduino5/bin/../lib/gcc/avr/7.3.0/avrxmega3/libgcc.a(_exit.o)
 *(.fini0)
                0x00000000000035ea                _etext = .

.rodata         0x00000000000075ea       0xf2 load address 0x00000000000035ea
 *(.rodata)
 .rodata        0x00000000000075ea       0xb2 /var/folders/3n/17cvlzzd3x327pb47mj0n5280000gn/T//ccDoW5sc.ltrans0.ltrans.o
 *(.rodata*)
 .rodata.str1.1
                0x000000000000769c       0x40 /var/folders/3n/17cvlzzd3x327pb47mj0n5280000gn/T//ccDoW5sc.ltrans0.ltrans.o
                                         0x44 (size before relaxing)
 *(.gnu.linkonce.r*)

.data           0x0000000000802800        0xa load address 0x00000000000036dc
                0x0000000000802800                PROVIDE (__data_start, .)
 *(.data)
 .data          0x0000000000802800        0x4 /var/folders/3n/17cvlzzd3x327pb47mj0n5280000gn/T//ccDoW5sc.ltrans0.ltrans.o
 .data          0x0000000000802804        0x6 /Users/Christian/Library/Arduino15/packages/arduino/tools/avr-gcc/7.3.0-atmel3.6.1-arduino5/bin/../lib/gcc/avr/7.3.0/../../../../avr/lib/avrxmega3/libc.a(malloc.o)
                0x0000000000802804                __malloc_heap_end
                0x0000000000802806                __malloc_heap_start
                0x0000000000802808                __malloc_margin
 *(.data*)
 *(.gnu.linkonce.d*)
                0x000000000080280a                . = ALIGN (0x2)
                0x000000000080280a                _edata = .
                0x000000000080280a                PROVIDE (__data_end, .)

.bss            0x000000000080280a      0x293
                0x000000000080280a                PROVIDE (__bss_start, .)
 *(.bss)
 .bss           0x000000000080280a      0x28f /var/folders/3n/17cvlzzd3x327pb47mj0n5280000gn/T//ccDoW5sc.ltrans0.ltrans.o
 *(.bss*)
 *(COMMON)
 COMMON         0x0000000000802a99        0x4 /Users/Christian/Library/Arduino15/packages/arduino/tools/avr-gcc/7.3.0-atmel3.6.1-arduino5/bin/../lib/gcc/avr/7.3.0/../../../../avr/lib/avrxmega3/libc.a(malloc.o)
                0x0000000000802a99                __brkval
                0x0000000000802a9b                __flp
                0x0000000000802a9d                PROVIDE (__bss_end, .)
                0x00000000000036dc                __data_load_start = LOADADDR (.data)
                0x00000000000036e6                __data_load_end = (__data_load_start + SIZEOF (.data))

.noinit         0x0000000000802a9d        0x0
                [!provide]                        PROVIDE (__noinit_start, .)
 *(.noinit*)
                [!provide]                        PROVIDE (__noinit_end, .)
                0x0000000000802a9d                _end = .
                0x0000000000802a9d                PROVIDE (__heap_start, .)

.eeprom         0x0000000000810000        0x0
 *(.eeprom*)
                0x0000000000810000                __eeprom_end = .

.fuse
 *(.fuse)
 *(.lfuse)
 *(.hfuse)
 *(.efuse)

.lock
 *(.lock*)

.signature
 *(.signature*)

.user_signatures
 *(.user_signatures*)

.stab
 *(.stab)

.stabstr
 *(.stabstr)

.stab.excl
 *(.stab.excl)

.stab.exclstr
 *(.stab.exclstr)

.stab.index
 *(.stab.index)

.stab.indexstr
 *(.stab.indexstr)

.comment        0x0000000000000000       0x11
 *(.comment)
 .comment       0x0000000000000000       0x12 /var/folders/3n/17cvlzzd3x327pb47mj0n5280000gn/T//ccDoW5sc.ltrans0.ltrans.o
 .comment       0x0000000000000000       0x11 /Users/Christian/Library/Arduino15/packages/arduino/tools/avr-gcc/7.3.0-atmel3.6.1-arduino5/bin/../lib/gcc/avr/7.3.0/../../../../avr/lib/avrxmega3/libc.a(dtostrf.o)
                                         0x12 (size before relaxing)
 .comment       0x0000000000000011       0x12 /Users/Christian/Library/Arduino15/packages/arduino/tools/avr-gcc/7.3.0-atmel3.6.1-arduino5/bin/../lib/gcc/avr/7.3.0/../../../../avr/lib/avrxmega3/libc.a(dtoa_prf.o)
 .comment       0x0000000000000011       0x12 /Users/Christian/Library/Arduino15/packages/arduino/tools/avr-gcc/7.3.0-atmel3.6.1-arduino5/bin/../lib/gcc/avr/7.3.0/../../../../avr/lib/avrxmega3/libc.a(malloc.o)
 .comment       0x0000000000000011       0x12 /Users/Christian/Library/Arduino15/packages/arduino/tools/avr-gcc/7.3.0-atmel3.6.1-arduino5/bin/../lib/gcc/avr/7.3.0/../../../../avr/lib/avrxmega3/libc.a(realloc.o)

.note.gnu.avr.deviceinfo
                0x0000000000000000       0x40
 .note.gnu.avr.deviceinfo
                0x0000000000000000       0x40 /Users/Christian/Library/Arduino15/packages/arduino/tools/avr-gcc/7.3.0-atmel3.6.1-arduino5/bin/../lib/gcc/avr/7.3.0/../../../../avr/lib/avrxmega3/crtatmega4809.o

.note.gnu.build-id
 *(.note.gnu.build-id)

.debug
 *(.debug)

.line
 *(.line)

.debug_srcinfo
 *(.debug_srcinfo)

.debug_sfnames
 *(.debug_sfnames)

.debug_aranges  0x0000000000000000      0x270
 *(.debug_aranges)
 .debug_aranges
                0x0000000000000000       0x30 /var/folders/3n/17cvlzzd3x327pb47mj0n5280000gn/T//ccDoW5sc.ltrans0.ltrans.o
 .debug_aranges
                0x0000000000000030       0x20 /Users/Christian/Library/Arduino15/packages/arduino/tools/avr-gcc/7.3.0-atmel3.6.1-arduino5/bin/../lib/gcc/avr/7.3.0/avrxmega3/libgcc.a(_exit.o)
 .debug_aranges
                0x0000000000000050       0x20 /Users/Christian/Library/Arduino15/packages/arduino/tools/avr-gcc/7.3.0-atmel3.6.1-arduino5/bin/../lib/gcc/avr/7.3.0/avrxmega3/libgcc.a(_clear_bss.o)
 .debug_aranges
                0x0000000000000070       0x20 /Users/Christian/Library/Arduino15/packages/arduino/tools/avr-gcc/7.3.0-atmel3.6.1-arduino5/bin/../lib/gcc/avr/7.3.0/avrxmega3/libgcc.a(_muluhisi3.o)
 .debug_aranges
                0x0000000000000090       0x20 /Users/Christian/Library/Arduino15/packages/arduino/tools/avr-gcc/7.3.0-atmel3.6.1-arduino5/bin/../lib/gcc/avr/7.3.0/avrxmega3/libgcc.a(_prologue.o)
 .debug_aranges
                0x00000000000000b0       0x20 /Users/Christian/Library/Arduino15/packages/arduino/tools/avr-gcc/7.3.0-atmel3.6.1-arduino5/bin/../lib/gcc/avr/7.3.0/avrxmega3/libgcc.a(_epilogue.o)
 .debug_aranges
                0x00000000000000d0       0x20 /Users/Christian/Library/Arduino15/packages/arduino/tools/avr-gcc/7.3.0-atmel3.6.1-arduino5/bin/../lib/gcc/avr/7.3.0/avrxmega3/libgcc.a(_umulhisi3.o)
 .debug_aranges
                0x00000000000000f0       0x20 /Users/Christian/Library/Arduino15/packages/arduino/tools/avr-gcc/7.3.0-atmel3.6.1-arduino5/bin/../lib/gcc/avr/7.3.0/avrxmega3/libgcc.a(_udivmodqi4.o)
 .debug_aranges
                0x0000000000000110       0x20 /Users/Christian/Library/Arduino15/packages/arduino/tools/avr-gcc/7.3.0-atmel3.6.1-arduino5/bin/../lib/gcc/avr/7.3.0/avrxmega3/libgcc.a(_udivmodhi4.o)
 .debug_aranges
                0x0000000000000130       0x20 /Users/Christian/Library/Arduino15/packages/arduino/tools/avr-gcc/7.3.0-atmel3.6.1-arduino5/bin/../lib/gcc/avr/7.3.0/avrxmega3/libgcc.a(_divmodhi4.o)
 .debug_aranges
                0x0000000000000150       0x20 /Users/Christian/Library/Arduino15/packages/arduino/tools/avr-gcc/7.3.0-atmel3.6.1-arduino5/bin/../lib/gcc/avr/7.3.0/avrxmega3/libgcc.a(_udivmodsi4.o)
 .debug_aranges
                0x0000000000000170       0x20 /Users/Christian/Library/Arduino15/packages/arduino/tools/avr-gcc/7.3.0-atmel3.6.1-arduino5/bin/../lib/gcc/avr/7.3.0/avrxmega3/libgcc.a(_divmodsi4.o)
 .debug_aranges
                0x0000000000000190       0x20 /Users/Christian/Library/Arduino15/packages/arduino/tools/avr-gcc/7.3.0-atmel3.6.1-arduino5/bin/../lib/gcc/avr/7.3.0/avrxmega3/libgcc.a(_negsi2.o)
 .debug_aranges
                0x00000000000001b0       0x20 /Users/Christian/Library/Arduino15/packages/arduino/tools/avr-gcc/7.3.0-atmel3.6.1-arduino5/bin/../lib/gcc/avr/7.3.0/avrxmega3/libgcc.a(_tablejump2.o)
 .debug_aranges
                0x00000000000001d0       0x20 /Users/Christian/Library/Arduino15/packages/arduino/tools/avr-gcc/7.3.0-atmel3.6.1-arduino5/bin/../lib/gcc/avr/7.3.0/avrxmega3/libgcc.a(_copy_data.o)
 .debug_aranges
                0x00000000000001f0       0x20 /Users/Christian/Library/Arduino15/packages/arduino/tools/avr-gcc/7.3.0-atmel3.6.1-arduino5/bin/../lib/gcc/avr/7.3.0/avrxmega3/libgcc.a(_ctors.o)
 .debug_aranges
                0x0000000000000210       0x20 /Users/Christian/Library/Arduino15/packages/arduino/tools/avr-gcc/7.3.0-atmel3.6.1-arduino5/bin/../lib/gcc/avr/7.3.0/avrxmega3/libgcc.a(_mulshisi3.o)
 .debug_aranges
                0x0000000000000230       0x20 /Users/Christian/Library/Arduino15/packages/arduino/tools/avr-gcc/7.3.0-atmel3.6.1-arduino5/bin/../lib/gcc/avr/7.3.0/avrxmega3/libgcc.a(_ashrdi3.o)
 .debug_aranges
                0x0000000000000250       0x20 /Users/Christian/Library/Arduino15/packages/arduino/tools/avr-gcc/7.3.0-atmel3.6.1-arduino5/bin/../lib/gcc/avr/7.3.0/avrxmega3/libgcc.a(_cmpdi2_s8.o)

.debug_pubnames
 *(.debug_pubnames)

.debug_info     0x0000000000000000     0xb2ec
 *(.debug_info .gnu.linkonce.wi.*)
 .debug_info    0x0000000000000000     0x249d /Users/Christian/Library/Arduino15/packages/arduino/tools/avr-gcc/7.3.0-atmel3.6.1-arduino5/bin/../lib/gcc/avr/7.3.0/../../../../avr/lib/avrxmega3/crtatmega4809.o
 .debug_info    0x000000000000249d     0x81b9 /var/folders/3n/17cvlzzd3x327pb47mj0n5280000gn/T//ccDoW5sc.ltrans0.ltrans.o
 .debug_info    0x000000000000a656       0xb3 /Users/Christian/Library/Arduino15/packages/arduino/tools/avr-gcc/7.3.0-atmel3.6.1-arduino5/bin/../lib/gcc/avr/7.3.0/avrxmega3/libgcc.a(_exit.o)
 .debug_info    0x000000000000a709       0xb3 /Users/Christian/Library/Arduino15/packages/arduino/tools/avr-gcc/7.3.0-atmel3.6.1-arduino5/bin/../lib/gcc/avr/7.3.0/avrxmega3/libgcc.a(_clear_bss.o)
 .debug_info    0x000000000000a7bc       0xb3 /Users/Christian/Library/Arduino15/packages/arduino/tools/avr-gcc/7.3.0-atmel3.6.1-arduino5/bin/../lib/gcc/avr/7.3.0/avrxmega3/libgcc.a(_muluhisi3.o)
 .debug_info    0x000000000000a86f       0xb3 /Users/Christian/Library/Arduino15/packages/arduino/tools/avr-gcc/7.3.0-atmel3.6.1-arduino5/bin/../lib/gcc/avr/7.3.0/avrxmega3/libgcc.a(_prologue.o)
 .debug_info    0x000000000000a922       0xb3 /Users/Christian/Library/Arduino15/packages/arduino/tools/avr-gcc/7.3.0-atmel3.6.1-arduino5/bin/../lib/gcc/avr/7.3.0/avrxmega3/libgcc.a(_epilogue.o)
 .debug_info    0x000000000000a9d5       0xb3 /Users/Christian/Library/Arduino15/packages/arduino/tools/avr-gcc/7.3.0-atmel3.6.1-arduino5/bin/../lib/gcc/avr/7.3.0/avrxmega3/libgcc.a(_umulhisi3.o)
 .debug_info    0x000000000000aa88       0xb3 /Users/Christian/Library/Arduino15/packages/arduino/tools/avr-gcc/7.3.0-atmel3.6.1-arduino5/bin/../lib/gcc/avr/7.3.0/avrxmega3/libgcc.a(_udivmodqi4.o)
 .debug_info    0x000000000000ab3b       0xb3 /Users/Christian/Library/Arduino15/packages/arduino/tools/avr-gcc/7.3.0-atmel3.6.1-arduino5/bin/../lib/gcc/avr/7.3.0/avrxmega3/libgcc.a(_udivmodhi4.o)
 .debug_info    0x000000000000abee       0xb3 /Users/Christian/Library/Arduino15/packages/arduino/tools/avr-gcc/7.3.0-atmel3.6.1-arduino5/bin/../lib/gcc/avr/7.3.0/avrxmega3/libgcc.a(_divmodhi4.o)
 .debug_info    0x000000000000aca1       0xb3 /Users/Christian/Library/Arduino15/packages/arduino/tools/avr-gcc/7.3.0-atmel3.6.1-arduino5/bin/../lib/gcc/avr/7.3.0/avrxmega3/libgcc.a(_udivmodsi4.o)
 .debug_info    0x000000000000ad54       0xb3 /Users/Christian/Library/Arduino15/packages/arduino/tools/avr-gcc/7.3.0-atmel3.6.1-arduino5/bin/../lib/gcc/avr/7.3.0/avrxmega3/libgcc.a(_divmodsi4.o)
 .debug_info    0x000000000000ae07       0xb3 /Users/Christian/Library/Arduino15/packages/arduino/tools/avr-gcc/7.3.0-atmel3.6.1-arduino5/bin/../lib/gcc/avr/7.3.0/avrxmega3/libgcc.a(_negsi2.o)
 .debug_info    0x000000000000aeba       0xb3 /Users/Christian/Library/Arduino15/packages/arduino/tools/avr-gcc/7.3.0-atmel3.6.1-arduino5/bin/../lib/gcc/avr/7.3.0/avrxmega3/libgcc.a(_tablejump2.o)
 .debug_info    0x000000000000af6d       0xb3 /Users/Christian/Library/Arduino15/packages/arduino/tools/avr-gcc/7.3.0-atmel3.6.1-arduino5/bin/../lib/gcc/avr/7.3.0/avrxmega3/libgcc.a(_copy_data.o)
 .debug_info    0x000000000000b020       0xb3 /Users/Christian/Library/Arduino15/packages/arduino/tools/avr-gcc/7.3.0-atmel3.6.1-arduino5/bin/../lib/gcc/avr/7.3.0/avrxmega3/libgcc.a(_ctors.o)
 .debug_info    0x000000000000b0d3       0xb3 /Users/Christian/Library/Arduino15/packages/arduino/tools/avr-gcc/7.3.0-atmel3.6.1-arduino5/bin/../lib/gcc/avr/7.3.0/avrxmega3/libgcc.a(_mulshisi3.o)
 .debug_info    0x000000000000b186       0xb3 /Users/Christian/Library/Arduino15/packages/arduino/tools/avr-gcc/7.3.0-atmel3.6.1-arduino5/bin/../lib/gcc/avr/7.3.0/avrxmega3/libgcc.a(_ashrdi3.o)
 .debug_info    0x000000000000b239       0xb3 /Users/Christian/Library/Arduino15/packages/arduino/tools/avr-gcc/7.3.0-atmel3.6.1-arduino5/bin/../lib/gcc/avr/7.3.0/avrxmega3/libgcc.a(_cmpdi2_s8.o)

.debug_abbrev   0x0000000000000000     0x2fbb
 *(.debug_abbrev)
 .debug_abbrev  0x0000000000000000     0x22a8 /Users/Christian/Library/Arduino15/packages/arduino/tools/avr-gcc/7.3.0-atmel3.6.1-arduino5/bin/../lib/gcc/avr/7.3.0/../../../../avr/lib/avrxmega3/crtatmega4809.o
 .debug_abbrev  0x00000000000022a8      0xbab /var/folders/3n/17cvlzzd3x327pb47mj0n5280000gn/T//ccDoW5sc.ltrans0.ltrans.o
 .debug_abbrev  0x0000000000002e53       0x14 /Users/Christian/Library/Arduino15/packages/arduino/tools/avr-gcc/7.3.0-atmel3.6.1-arduino5/bin/../lib/gcc/avr/7.3.0/avrxmega3/libgcc.a(_exit.o)
 .debug_abbrev  0x0000000000002e67       0x14 /Users/Christian/Library/Arduino15/packages/arduino/tools/avr-gcc/7.3.0-atmel3.6.1-arduino5/bin/../lib/gcc/avr/7.3.0/avrxmega3/libgcc.a(_clear_bss.o)
 .debug_abbrev  0x0000000000002e7b       0x14 /Users/Christian/Library/Arduino15/packages/arduino/tools/avr-gcc/7.3.0-atmel3.6.1-arduino5/bin/../lib/gcc/avr/7.3.0/avrxmega3/libgcc.a(_muluhisi3.o)
 .debug_abbrev  0x0000000000002e8f       0x14 /Users/Christian/Library/Arduino15/packages/arduino/tools/avr-gcc/7.3.0-atmel3.6.1-arduino5/bin/../lib/gcc/avr/7.3.0/avrxmega3/libgcc.a(_prologue.o)
 .debug_abbrev  0x0000000000002ea3       0x14 /Users/Christian/Library/Arduino15/packages/arduino/tools/avr-gcc/7.3.0-atmel3.6.1-arduino5/bin/../lib/gcc/avr/7.3.0/avrxmega3/libgcc.a(_epilogue.o)
 .debug_abbrev  0x0000000000002eb7       0x14 /Users/Christian/Library/Arduino15/packages/arduino/tools/avr-gcc/7.3.0-atmel3.6.1-arduino5/bin/../lib/gcc/avr/7.3.0/avrxmega3/libgcc.a(_umulhisi3.o)
 .debug_abbrev  0x0000000000002ecb       0x14 /Users/Christian/Library/Arduino15/packages/arduino/tools/avr-gcc/7.3.0-atmel3.6.1-arduino5/bin/../lib/gcc/avr/7.3.0/avrxmega3/libgcc.a(_udivmodqi4.o)
 .debug_abbrev  0x0000000000002edf       0x14 /Users/Christian/Library/Arduino15/packages/arduino/tools/avr-gcc/7.3.0-atmel3.6.1-arduino5/bin/../lib/gcc/avr/7.3.0/avrxmega3/libgcc.a(_udivmodhi4.o)
 .debug_abbrev  0x0000000000002ef3       0x14 /Users/Christian/Library/Arduino15/packages/arduino/tools/avr-gcc/7.3.0-atmel3.6.1-arduino5/bin/../lib/gcc/avr/7.3.0/avrxmega3/libgcc.a(_divmodhi4.o)
 .debug_abbrev  0x0000000000002f07       0x14 /Users/Christian/Library/Arduino15/packages/arduino/tools/avr-gcc/7.3.0-atmel3.6.1-arduino5/bin/../lib/gcc/avr/7.3.0/avrxmega3/libgcc.a(_udivmodsi4.o)
 .debug_abbrev  0x0000000000002f1b       0x14 /Users/Christian/Library/Arduino15/packages/arduino/tools/avr-gcc/7.3.0-atmel3.6.1-arduino5/bin/../lib/gcc/avr/7.3.0/avrxmega3/libgcc.a(_divmodsi4.o)
 .debug_abbrev  0x0000000000002f2f       0x14 /Users/Christian/Library/Arduino15/packages/arduino/tools/avr-gcc/7.3.0-atmel3.6.1-arduino5/bin/../lib/gcc/avr/7.3.0/avrxmega3/libgcc.a(_negsi2.o)
 .debug_abbrev  0x0000000000002f43       0x14 /Users/Christian/Library/Arduino15/packages/arduino/tools/avr-gcc/7.3.0-atmel3.6.1-arduino5/bin/../lib/gcc/avr/7.3.0/avrxmega3/libgcc.a(_tablejump2.o)
 .debug_abbrev  0x0000000000002f57       0x14 /Users/Christian/Library/Arduino15/packages/arduino/tools/avr-gcc/7.3.0-atmel3.6.1-arduino5/bin/../lib/gcc/avr/7.3.0/avrxmega3/libgcc.a(_copy_data.o)
 .debug_abbrev  0x0000000000002f6b       0x14 /Users/Christian/Library/Arduino15/packages/arduino/tools/avr-gcc/7.3.0-atmel3.6.1-arduino5/bin/../lib/gcc/avr/7.3.0/avrxmega3/libgcc.a(_ctors.o)
 .debug_abbrev  0x0000000000002f7f       0x14 /Users/Christian/Library/Arduino15/packages/arduino/tools/avr-gcc/7.3.0-atmel3.6.1-arduino5/bin/../lib/gcc/avr/7.3.0/avrxmega3/libgcc.a(_mulshisi3.o)
 .debug_abbrev  0x0000000000002f93       0x14 /Users/Christian/Library/Arduino15/packages/arduino/tools/avr-gcc/7.3.0-atmel3.6.1-arduino5/bin/../lib/gcc/avr/7.3.0/avrxmega3/libgcc.a(_ashrdi3.o)
 .debug_abbrev  0x0000000000002fa7       0x14 /Users/Christian/Library/Arduino15/packages/arduino/tools/avr-gcc/7.3.0-atmel3.6.1-arduino5/bin/../lib/gcc/avr/7.3.0/avrxmega3/libgcc.a(_cmpdi2_s8.o)

.debug_line     0x0000000000000000     0x2b84
 *(.debug_line .debug_line.* .debug_line_end)
 .debug_line    0x0000000000000000      0x187 /Users/Christian/Library/Arduino15/packages/arduino/tools/avr-gcc/7.3.0-atmel3.6.1-arduino5/bin/../lib/gcc/avr/7.3.0/../../../../avr/lib/avrxmega3/crtatmega4809.o
 .debug_line    0x0000000000000187     0x1ddf /var/folders/3n/17cvlzzd3x327pb47mj0n5280000gn/T//ccDoW5sc.ltrans0.ltrans.o
 .debug_line    0x0000000000001f66       0x62 /Users/Christian/Library/Arduino15/packages/arduino/tools/avr-gcc/7.3.0-atmel3.6.1-arduino5/bin/../lib/gcc/avr/7.3.0/avrxmega3/libgcc.a(_exit.o)
 .debug_line    0x0000000000001fc8       0x86 /Users/Christian/Library/Arduino15/packages/arduino/tools/avr-gcc/7.3.0-atmel3.6.1-arduino5/bin/../lib/gcc/avr/7.3.0/avrxmega3/libgcc.a(_clear_bss.o)
 .debug_line    0x000000000000204e       0x92 /Users/Christian/Library/Arduino15/packages/arduino/tools/avr-gcc/7.3.0-atmel3.6.1-arduino5/bin/../lib/gcc/avr/7.3.0/avrxmega3/libgcc.a(_muluhisi3.o)
 .debug_line    0x00000000000020e0       0xec /Users/Christian/Library/Arduino15/packages/arduino/tools/avr-gcc/7.3.0-atmel3.6.1-arduino5/bin/../lib/gcc/avr/7.3.0/avrxmega3/libgcc.a(_prologue.o)
 .debug_line    0x00000000000021cc       0xe6 /Users/Christian/Library/Arduino15/packages/arduino/tools/avr-gcc/7.3.0-atmel3.6.1-arduino5/bin/../lib/gcc/avr/7.3.0/avrxmega3/libgcc.a(_epilogue.o)
 .debug_line    0x00000000000022b2       0xb0 /Users/Christian/Library/Arduino15/packages/arduino/tools/avr-gcc/7.3.0-atmel3.6.1-arduino5/bin/../lib/gcc/avr/7.3.0/avrxmega3/libgcc.a(_umulhisi3.o)
 .debug_line    0x0000000000002362       0x9e /Users/Christian/Library/Arduino15/packages/arduino/tools/avr-gcc/7.3.0-atmel3.6.1-arduino5/bin/../lib/gcc/avr/7.3.0/avrxmega3/libgcc.a(_udivmodqi4.o)
 .debug_line    0x0000000000002400       0xce /Users/Christian/Library/Arduino15/packages/arduino/tools/avr-gcc/7.3.0-atmel3.6.1-arduino5/bin/../lib/gcc/avr/7.3.0/avrxmega3/libgcc.a(_udivmodhi4.o)
 .debug_line    0x00000000000024ce       0xc8 /Users/Christian/Library/Arduino15/packages/arduino/tools/avr-gcc/7.3.0-atmel3.6.1-arduino5/bin/../lib/gcc/avr/7.3.0/avrxmega3/libgcc.a(_divmodhi4.o)
 .debug_line    0x0000000000002596      0x122 /Users/Christian/Library/Arduino15/packages/arduino/tools/avr-gcc/7.3.0-atmel3.6.1-arduino5/bin/../lib/gcc/avr/7.3.0/avrxmega3/libgcc.a(_udivmodsi4.o)
 .debug_line    0x00000000000026b8       0xce /Users/Christian/Library/Arduino15/packages/arduino/tools/avr-gcc/7.3.0-atmel3.6.1-arduino5/bin/../lib/gcc/avr/7.3.0/avrxmega3/libgcc.a(_divmodsi4.o)
 .debug_line    0x0000000000002786       0x62 /Users/Christian/Library/Arduino15/packages/arduino/tools/avr-gcc/7.3.0-atmel3.6.1-arduino5/bin/../lib/gcc/avr/7.3.0/avrxmega3/libgcc.a(_negsi2.o)
 .debug_line    0x00000000000027e8       0x7a /Users/Christian/Library/Arduino15/packages/arduino/tools/avr-gcc/7.3.0-atmel3.6.1-arduino5/bin/../lib/gcc/avr/7.3.0/avrxmega3/libgcc.a(_tablejump2.o)
 .debug_line    0x0000000000002862       0x98 /Users/Christian/Library/Arduino15/packages/arduino/tools/avr-gcc/7.3.0-atmel3.6.1-arduino5/bin/../lib/gcc/avr/7.3.0/avrxmega3/libgcc.a(_copy_data.o)
 .debug_line    0x00000000000028fa       0x92 /Users/Christian/Library/Arduino15/packages/arduino/tools/avr-gcc/7.3.0-atmel3.6.1-arduino5/bin/../lib/gcc/avr/7.3.0/avrxmega3/libgcc.a(_ctors.o)
 .debug_line    0x000000000000298c       0x7a /Users/Christian/Library/Arduino15/packages/arduino/tools/avr-gcc/7.3.0-atmel3.6.1-arduino5/bin/../lib/gcc/avr/7.3.0/avrxmega3/libgcc.a(_mulshisi3.o)
 .debug_line    0x0000000000002a06      0x104 /Users/Christian/Library/Arduino15/packages/arduino/tools/avr-gcc/7.3.0-atmel3.6.1-arduino5/bin/../lib/gcc/avr/7.3.0/avrxmega3/libgcc.a(_ashrdi3.o)
 .debug_line    0x0000000000002b0a       0x7a /Users/Christian/Library/Arduino15/packages/arduino/tools/avr-gcc/7.3.0-atmel3.6.1-arduino5/bin/../lib/gcc/avr/7.3.0/avrxmega3/libgcc.a(_cmpdi2_s8.o)

.debug_frame    0x0000000000000000      0xa88
 *(.debug_frame)
 .debug_frame   0x0000000000000000      0xa88 /var/folders/3n/17cvlzzd3x327pb47mj0n5280000gn/T//ccDoW5sc.ltrans0.ltrans.o

.debug_str      0x0000000000000000     0x2f73
 *(.debug_str)
 .debug_str     0x0000000000000000      0xf8b /Users/Christian/Library/Arduino15/packages/arduino/tools/avr-gcc/7.3.0-atmel3.6.1-arduino5/bin/../lib/gcc/avr/7.3.0/../../../../avr/lib/avrxmega3/crtatmega4809.o
 .debug_str     0x0000000000000f8b     0x1fe8 /var/folders/3n/17cvlzzd3x327pb47mj0n5280000gn/T//ccDoW5sc.ltrans0.ltrans.o
                                       0x21dd (size before relaxing)

.debug_loc      0x0000000000000000     0x42ee
 *(.debug_loc)
 .debug_loc     0x0000000000000000     0x42ee /var/folders/3n/17cvlzzd3x327pb47mj0n5280000gn/T//ccDoW5sc.ltrans0.ltrans.o

.debug_macinfo
 *(.debug_macinfo)

.debug_weaknames
 *(.debug_weaknames)

.debug_funcnames
 *(.debug_funcnames)

.debug_typenames
 *(.debug_typenames)

.debug_varnames
 *(.debug_varnames)

.debug_pubtypes
 *(.debug_pubtypes)

.debug_ranges   0x0000000000000000      0x3f8
 *(.debug_ranges)
 .debug_ranges  0x0000000000000000      0x3f8 /var/folders/3n/17cvlzzd3x327pb47mj0n5280000gn/T//ccDoW5sc.ltrans0.ltrans.o

.debug_macro
 *(.debug_macro)
OUTPUT(/private/var/folders/3n/17cvlzzd3x327pb47mj0n5280000gn/T/arduino-sketch-35BD88D9624EF021EC25B57892E3B4AE/eLFL_v0_ArduinoNanoEvery.ino.elf elf32-avr)
LOAD linker stubs
